// Jest Snapshot v1, https://goo.gl/fbAQLP

exports[`DockerMachineConfiguration Should match snapshot 1`] = `
Object {
  "Parameters": Object {
    "BootstrapVersion": Object {
      "Default": "/cdk-bootstrap/hnb659fds/version",
      "Description": "Version of the CDK Bootstrap resources in this environment, automatically retrieved from SSM Parameter Store. [cdk:skip]",
      "Type": "AWS::SSM::Parameter::Value<String>",
    },
    "SsmParameterValueawsserviceamiamazonlinuxlatestamzn2amihvmx8664ebsC96584B6F00A464EAD1953AFF4B05118Parameter": Object {
      "Default": "/aws/service/ami-amazon-linux-latest/amzn2-ami-hvm-x86_64-ebs",
      "Type": "AWS::SSM::Parameter::Value<AWS::EC2::Image::Id>",
    },
  },
  "Resources": Object {
    "AWS679f53fac002430cb0da5b7982bd22872D164C4C": Object {
      "DependsOn": Array [
        "AWS679f53fac002430cb0da5b7982bd2287ServiceRoleC1EA0FF2",
      ],
      "Properties": Object {
        "Code": Object {
          "S3Bucket": "cdk-hnb659fds-assets-0-us-east-1",
          "S3Key": "97f30e67419a1676a2215492723e5add1aa491caf0cbe2dd878fc4fab0468cd4.zip",
        },
        "Handler": "index.handler",
        "Role": Object {
          "Fn::GetAtt": Array [
            "AWS679f53fac002430cb0da5b7982bd2287ServiceRoleC1EA0FF2",
            "Arn",
          ],
        },
        "Runtime": "nodejs18.x",
        "Timeout": 120,
      },
      "Type": "AWS::Lambda::Function",
    },
    "AWS679f53fac002430cb0da5b7982bd2287ServiceRoleC1EA0FF2": Object {
      "Properties": Object {
        "AssumeRolePolicyDocument": Object {
          "Statement": Array [
            Object {
              "Action": "sts:AssumeRole",
              "Effect": "Allow",
              "Principal": Object {
                "Service": "lambda.amazonaws.com",
              },
            },
          ],
          "Version": "2012-10-17",
        },
        "ManagedPolicyArns": Array [
          Object {
            "Fn::Join": Array [
              "",
              Array [
                "arn:",
                Object {
                  "Ref": "AWS::Partition",
                },
                ":iam::aws:policy/service-role/AWSLambdaBasicExecutionRole",
              ],
            ],
          },
        ],
      },
      "Type": "AWS::IAM::Role",
    },
    "CustomS3AutoDeleteObjectsCustomResourceProviderHandler9D90184F": Object {
      "DependsOn": Array [
        "CustomS3AutoDeleteObjectsCustomResourceProviderRole3B1BD092",
      ],
      "Properties": Object {
        "Code": Object {
          "S3Bucket": "cdk-hnb659fds-assets-0-us-east-1",
          "S3Key": "2eb6a831b107939f63cfebf68e6316e1a40f79fc99cae0fee9b333bac8d29bc4.zip",
        },
        "Description": Object {
          "Fn::Join": Array [
            "",
            Array [
              "Lambda function for auto-deleting objects in ",
              Object {
                "Ref": "RunnerCacheBucket6E570528",
              },
              " S3 bucket.",
            ],
          ],
        },
        "Handler": "index.handler",
        "MemorySize": 128,
        "Role": Object {
          "Fn::GetAtt": Array [
            "CustomS3AutoDeleteObjectsCustomResourceProviderRole3B1BD092",
            "Arn",
          ],
        },
        "Runtime": "nodejs18.x",
        "Timeout": 900,
      },
      "Type": "AWS::Lambda::Function",
    },
    "CustomS3AutoDeleteObjectsCustomResourceProviderRole3B1BD092": Object {
      "Properties": Object {
        "AssumeRolePolicyDocument": Object {
          "Statement": Array [
            Object {
              "Action": "sts:AssumeRole",
              "Effect": "Allow",
              "Principal": Object {
                "Service": "lambda.amazonaws.com",
              },
            },
          ],
          "Version": "2012-10-17",
        },
        "ManagedPolicyArns": Array [
          Object {
            "Fn::Sub": "arn:\${AWS::Partition}:iam::aws:policy/service-role/AWSLambdaBasicExecutionRole",
          },
        ],
      },
      "Type": "AWS::IAM::Role",
    },
    "RunnerCacheBucket6E570528": Object {
      "DeletionPolicy": "Delete",
      "Properties": Object {
        "BucketEncryption": Object {
          "ServerSideEncryptionConfiguration": Array [
            Object {
              "ServerSideEncryptionByDefault": Object {
                "SSEAlgorithm": "AES256",
              },
            },
          ],
        },
        "BucketName": "runner-cache-dockermachineconfigurationstackrunnercache71b21b2b",
        "LifecycleConfiguration": Object {
          "Rules": Array [
            Object {
              "ExpirationInDays": 30,
              "Status": "Enabled",
            },
          ],
        },
        "PublicAccessBlockConfiguration": Object {
          "BlockPublicAcls": true,
          "BlockPublicPolicy": true,
          "IgnorePublicAcls": true,
          "RestrictPublicBuckets": true,
        },
        "Tags": Array [
          Object {
            "Key": "aws-cdk:auto-delete-objects",
            "Value": "true",
          },
        ],
      },
      "Type": "AWS::S3::Bucket",
      "UpdateReplacePolicy": "Delete",
    },
    "RunnerCacheBucketAutoDeleteObjectsCustomResource4E4AF149": Object {
      "DeletionPolicy": "Delete",
      "DependsOn": Array [
        "RunnerCacheBucketPolicy8489BCFD",
      ],
      "Properties": Object {
        "BucketName": Object {
          "Ref": "RunnerCacheBucket6E570528",
        },
        "ServiceToken": Object {
          "Fn::GetAtt": Array [
            "CustomS3AutoDeleteObjectsCustomResourceProviderHandler9D90184F",
            "Arn",
          ],
        },
      },
      "Type": "Custom::S3AutoDeleteObjects",
      "UpdateReplacePolicy": "Delete",
    },
    "RunnerCacheBucketPolicy8489BCFD": Object {
      "Properties": Object {
        "Bucket": Object {
          "Ref": "RunnerCacheBucket6E570528",
        },
        "PolicyDocument": Object {
          "Statement": Array [
            Object {
              "Action": "s3:*",
              "Condition": Object {
                "Bool": Object {
                  "aws:SecureTransport": "false",
                },
              },
              "Effect": "Deny",
              "Principal": Object {
                "AWS": "*",
              },
              "Resource": Array [
                Object {
                  "Fn::GetAtt": Array [
                    "RunnerCacheBucket6E570528",
                    "Arn",
                  ],
                },
                Object {
                  "Fn::Join": Array [
                    "",
                    Array [
                      Object {
                        "Fn::GetAtt": Array [
                          "RunnerCacheBucket6E570528",
                          "Arn",
                        ],
                      },
                      "/*",
                    ],
                  ],
                },
              ],
            },
            Object {
              "Action": Array [
                "s3:PutBucketPolicy",
                "s3:GetBucket*",
                "s3:List*",
                "s3:DeleteObject*",
              ],
              "Effect": "Allow",
              "Principal": Object {
                "AWS": Object {
                  "Fn::GetAtt": Array [
                    "CustomS3AutoDeleteObjectsCustomResourceProviderRole3B1BD092",
                    "Arn",
                  ],
                },
              },
              "Resource": Array [
                Object {
                  "Fn::GetAtt": Array [
                    "RunnerCacheBucket6E570528",
                    "Arn",
                  ],
                },
                Object {
                  "Fn::Join": Array [
                    "",
                    Array [
                      Object {
                        "Fn::GetAtt": Array [
                          "RunnerCacheBucket6E570528",
                          "Arn",
                        ],
                      },
                      "/*",
                    ],
                  ],
                },
              ],
            },
          ],
          "Version": "2012-10-17",
        },
      },
      "Type": "AWS::S3::BucketPolicy",
    },
    "RunnerManagerAutoscalingGroupASG51B04F0E": Object {
      "CreationPolicy": Object {
        "ResourceSignal": Object {
          "Count": 1,
          "Timeout": "PT15M",
        },
      },
      "Metadata": Object {
        "AWS::CloudFormation::Init": Object {
          "config": Object {
            "commands": Object {
              "999-retrieve-ec2-key-pair": Object {
                "command": "",
              },
            },
            "files": Object {
              "/etc/gitlab-runner/config.toml": Object {
                "content": Object {
                  "Fn::Join": Array [
                    "",
                    Array [
                      "concurrent = 10
check_interval = 0
log_format = \\"runner\\"
log_level = \\"info\\"

[[runners]]
url = \\"https://gitlab.com\\"
limit = 10
output_limit = 52_428_800
executor = \\"docker+machine\\"
name = \\"gitlab-runner-with-custom-docker-config\\"
token = \\"",
                      Object {
                        "Fn::GetAtt": Array [
                          "TokenCB33349F",
                          "Value",
                        ],
                      },
                      "\\"

  [runners.docker]
  tls_verify = false
  image = \\"docker:19.03.5\\"
  privileged = false
  cap_add = [ \\"CAP_NET_ADMIN\\" ]
  wait_for_services_timeout = 600
  disable_cache = false
  volumes = [ \\"/certs/client\\", \\"/cache\\" ]
  shm_size = 0
  cap_drop = [ \\"CAP_CHOWN\\" ]
  pull_policy = \\"never\\"

  [runners.machine]
  IdleCount = 2
  IdleTime = 3_000
  MaxBuilds = 1
  MachineDriver = \\"amazonec2\\"
  MachineName = \\"gitlab-runner-%s\\"
  MachineOptions = [
  \\"amazonec2-request-spot-instance=true\\",
  \\"amazonec2-spot-price=0.03\\",
  \\"amazonec2-metadata-token=required\\",
  \\"amazonec2-metadata-token-response-hop-limit=2\\",
  \\"amazonec2-ssh-keypath=\\",
  \\"amazonec2-instance-type=t3.micro\\",
  \\"amazonec2-ami=ami-1234\\",
  \\"amazonec2-region=us-east-1\\",
  \\"amazonec2-vpc-id=",
                      Object {
                        "Ref": "RunnerVpcCAA2D684",
                      },
                      "\\",
  \\"amazonec2-zone=a\\",
  \\"amazonec2-subnet-id=",
                      Object {
                        "Ref": "RunnerVpcPrivateSubnet1Subnet4721DE70",
                      },
                      "\\",
  \\"amazonec2-security-group=",
                      Object {
                        "Fn::GetAtt": Array [
                          "RunnerRunnersSecurityGroupDescribeSGCustomResource6FABE32F",
                          "SecurityGroups.0.GroupName",
                        ],
                      },
                      "\\",
  \\"amazonec2-private-address-only=true\\",
  \\"amazonec2-use-private-address=true\\",
  \\"amazonec2-iam-instance-profile=",
                      Object {
                        "Ref": "RunnerRunnersInstanceProfileForGitlabRunnerWithCustomDockerConfig731018E8",
                      },
                      "\\",
  \\"amazonec2-userdata=/etc/gitlab-runner/user_data_runners\\",
  \\"engine-install-url=https://releases.rancher.com/install-docker/20.10.21.sh\\"
]

    [[runners.machine.autoscaling]]
    Periods = [ \\"* * 7-22 * * mon-fri *\\" ]
    IdleCount = 1
    IdleTime = 1_800
    Timezone = \\"Etc/UTC\\"

  [runners.cache]
  Type = \\"s3\\"
  Shared = true

    [runners.cache.S3]
    serverAddress = \\"s3.",
                      Object {
                        "Ref": "AWS::URLSuffix",
                      },
                      "\\"
    bucketName = \\"",
                      Object {
                        "Ref": "RunnerCacheBucket6E570528",
                      },
                      "\\"
    bucketLocation = \\"us-east-1\\"
    authenticationType = \\"iam\\"
",
                    ],
                  ],
                },
                "encoding": "plain",
                "group": "gitlab-runner",
                "mode": "000600",
                "owner": "gitlab-runner",
              },
              "/etc/gitlab-runner/user_data_runners": Object {
                "content": "#!/bin/bash
[ ! -z \\"$(which apt-get)\\" ] && apt-get update && apt-get install -y amazon-ecr-credential-helper
[ ! -z \\"$(which yum)\\" ] && yum install -y amazon-ecr-credential-helper",
                "encoding": "plain",
                "group": "gitlab-runner",
                "mode": "000600",
                "owner": "gitlab-runner",
              },
              "/etc/rsyslog.d/25-gitlab-runner.conf": Object {
                "content": ":programname, isequal, \\"gitlab-runner\\" /var/log/gitlab-runner.log",
                "encoding": "plain",
                "group": "root",
                "mode": "000644",
                "owner": "root",
              },
            },
            "services": Object {
              "sysvinit": Object {
                "gitlab-runner": Object {
                  "enabled": true,
                  "ensureRunning": true,
                  "files": Array [
                    "/etc/gitlab-runner/config.toml",
                  ],
                },
                "rsyslog": Object {
                  "enabled": true,
                  "ensureRunning": true,
                  "files": Array [
                    "/etc/rsyslog.d/25-gitlab-runner.conf",
                  ],
                },
              },
            },
          },
          "configSets": Object {
            "default": Array [
              "repositories",
              "packages",
              "config",
              "restart",
            ],
          },
          "packages": Object {
            "commands": Object {
              "10-docker-machine": Object {
                "command": "curl -L https://gitlab-docker-machine-downloads.s3.amazonaws.com/v0.16.2-gitlab.15/docker-machine-\`uname -s\`-\`uname -m\` > /tmp/docker-machine && install /tmp/docker-machine /usr/bin/docker-machine",
              },
              "20-gitlab-runner-start": Object {
                "command": "gitlab-runner start",
              },
            },
            "packages": Object {
              "yum": Object {
                "docker": Array [],
                "gitlab-runner": Array [],
                "jq": Array [],
                "tzdata": Array [],
              },
            },
          },
          "repositories": Object {
            "commands": Object {
              "10-gitlab-runner": Object {
                "command": "curl -L https://packages.gitlab.com/install/repositories/runner/gitlab-runner/script.rpm.sh | bash",
              },
            },
          },
          "restart": Object {
            "commands": Object {
              "10-gitlab-runner-restart": Object {
                "command": "gitlab-runner restart",
              },
            },
          },
        },
      },
      "Properties": Object {
        "DesiredCapacity": "1",
        "LaunchConfigurationName": Object {
          "Ref": "RunnerManagerAutoscalingGroupLaunchConfig3E508F70",
        },
        "MaxSize": "1",
        "MinSize": "1",
        "Tags": Array [
          Object {
            "Key": "Name",
            "PropagateAtLaunch": true,
            "Value": "DockerMachineConfigurationStack/Runner/ManagerAutoscalingGroup",
          },
        ],
        "VPCZoneIdentifier": Array [
          Object {
            "Ref": "RunnerVpcPrivateSubnet1Subnet4721DE70",
          },
        ],
      },
      "Type": "AWS::AutoScaling::AutoScalingGroup",
      "UpdatePolicy": Object {
        "AutoScalingRollingUpdate": Object {
          "PauseTime": "PT15M",
          "SuspendProcesses": Array [
            "HealthCheck",
            "ReplaceUnhealthy",
            "AZRebalance",
            "AlarmNotification",
            "ScheduledActions",
            "InstanceRefresh",
          ],
          "WaitOnResourceSignals": true,
        },
        "AutoScalingScheduledAction": Object {
          "IgnoreUnmodifiedGroupSizeProperties": true,
        },
      },
    },
    "RunnerManagerAutoscalingGroupInstanceProfile0837C5CB": Object {
      "Properties": Object {
        "Roles": Array [
          Object {
            "Ref": "RunnerManagerRole529C6D4B",
          },
        ],
      },
      "Type": "AWS::IAM::InstanceProfile",
    },
    "RunnerManagerAutoscalingGroupLaunchConfig3E508F70": Object {
      "DependsOn": Array [
        "RunnerManagerRoleDefaultPolicy52D12843",
        "RunnerManagerRole529C6D4B",
      ],
      "Properties": Object {
        "IamInstanceProfile": Object {
          "Ref": "RunnerManagerAutoscalingGroupInstanceProfile0837C5CB",
        },
        "ImageId": Object {
          "Ref": "SsmParameterValueawsserviceamiamazonlinuxlatestamzn2amihvmx8664ebsC96584B6F00A464EAD1953AFF4B05118Parameter",
        },
        "InstanceType": "t3.nano",
        "MetadataOptions": Object {
          "HttpTokens": "required",
        },
        "SecurityGroups": Array [
          Object {
            "Fn::GetAtt": Array [
              "RunnerManagerSecurityGroup5680231E",
              "GroupId",
            ],
          },
        ],
        "UserData": Object {
          "Fn::Base64": Object {
            "Fn::Join": Array [
              "",
              Array [
                "#!/bin/bash
yum update -y aws-cfn-bootstrap
yum install -y amazon-ecr-credential-helper
# fingerprint: f0ab5849be4e9008
(
  set +e
  /opt/aws/bin/cfn-init -v --region ",
                Object {
                  "Ref": "AWS::Region",
                },
                " --stack ",
                Object {
                  "Ref": "AWS::StackName",
                },
                " --resource RunnerManagerAutoscalingGroupASG51B04F0E -c default
  /opt/aws/bin/cfn-signal -e $? --region ",
                Object {
                  "Ref": "AWS::Region",
                },
                " --stack ",
                Object {
                  "Ref": "AWS::StackName",
                },
                " --resource RunnerManagerAutoscalingGroupASG51B04F0E
  cat /var/log/cfn-init.log >&2
)",
              ],
            ],
          },
        },
      },
      "Type": "AWS::AutoScaling::LaunchConfiguration",
    },
    "RunnerManagerRole529C6D4B": Object {
      "Properties": Object {
        "AssumeRolePolicyDocument": Object {
          "Statement": Array [
            Object {
              "Action": "sts:AssumeRole",
              "Effect": "Allow",
              "Principal": Object {
                "Service": "ec2.amazonaws.com",
              },
            },
          ],
          "Version": "2012-10-17",
        },
        "ManagedPolicyArns": Array [
          Object {
            "Fn::Join": Array [
              "",
              Array [
                "arn:",
                Object {
                  "Ref": "AWS::Partition",
                },
                ":iam::aws:policy/AmazonSSMManagedInstanceCore",
              ],
            ],
          },
        ],
        "Policies": Array [
          Object {
            "PolicyDocument": Object {
              "Statement": Array [
                Object {
                  "Action": Array [
                    "s3:ListObjects*",
                    "s3:GetObject*",
                    "s3:DeleteObject*",
                    "s3:PutObject*",
                  ],
                  "Effect": "Allow",
                  "Resource": Object {
                    "Fn::Join": Array [
                      "",
                      Array [
                        Object {
                          "Fn::GetAtt": Array [
                            "RunnerCacheBucket6E570528",
                            "Arn",
                          ],
                        },
                        "/*",
                      ],
                    ],
                  },
                },
                Object {
                  "Action": "s3:ListBucket",
                  "Effect": "Allow",
                  "Resource": Object {
                    "Fn::GetAtt": Array [
                      "RunnerCacheBucket6E570528",
                      "Arn",
                    ],
                  },
                },
              ],
              "Version": "2012-10-17",
            },
            "PolicyName": "Cache",
          },
          Object {
            "PolicyDocument": Object {
              "Statement": Array [
                Object {
                  "Action": Array [
                    "ec2:CreateKeyPair",
                    "ec2:DeleteKeyPair",
                    "ec2:ImportKeyPair",
                    "ec2:Describe*",
                  ],
                  "Effect": "Allow",
                  "Resource": "*",
                },
                Object {
                  "Action": Array [
                    "ec2:CreateTags",
                    "ssm:UpdateInstanceInformation",
                  ],
                  "Condition": Object {
                    "ForAllValues:StringEquals": Object {
                      "aws:TagKeys": Array [
                        "Name",
                      ],
                    },
                    "StringLike": Object {
                      "aws:RequestTag/Name": "*gitlab-runner-*",
                    },
                  },
                  "Effect": "Allow",
                  "Resource": "*",
                },
                Object {
                  "Action": Array [
                    "ec2:RequestSpotInstances",
                    "ec2:CancelSpotInstanceRequests",
                  ],
                  "Condition": Object {
                    "ArnEqualsIfExists": Object {
                      "ec2:Vpc": Object {
                        "Fn::Join": Array [
                          "",
                          Array [
                            "arn:aws:ec2:us-east-1:0:vpc/",
                            Object {
                              "Ref": "RunnerVpcCAA2D684",
                            },
                          ],
                        ],
                      },
                    },
                    "StringEqualsIfExists": Object {
                      "ec2:Region": "us-east-1",
                    },
                  },
                  "Effect": "Allow",
                  "Resource": "*",
                },
                Object {
                  "Action": "ec2:RunInstances",
                  "Condition": Object {
                    "ForAllValues:StringEquals": Object {
                      "ec2:InstanceType": Array [
                        "t3.micro",
                      ],
                    },
                  },
                  "Effect": "Allow",
                  "Resource": "*",
                },
                Object {
                  "Action": Array [
                    "ec2:TerminateInstances",
                    "ec2:StopInstances",
                    "ec2:StartInstances",
                    "ec2:RebootInstances",
                  ],
                  "Condition": Object {
                    "StringLike": Object {
                      "ec2:ResourceTag/Name": "*gitlab-runner-*",
                    },
                  },
                  "Effect": "Allow",
                  "Resource": "*",
                },
                Object {
                  "Action": "iam:PassRole",
                  "Condition": Object {
                    "ForAllValues:StringEquals": Object {
                      "aws:TagKeys": Array [
                        "RunnersRole",
                      ],
                    },
                  },
                  "Effect": "Allow",
                  "Resource": "*",
                },
              ],
              "Version": "2012-10-17",
            },
            "PolicyName": "Runners",
          },
          Object {
            "PolicyDocument": Object {
              "Statement": Array [
                Object {
                  "Action": Array [
                    "ecr:BatchGetImage",
                    "ecr:GetAuthorizationToken",
                    "ecr:GetDownloadUrlForLayer",
                  ],
                  "Effect": "Allow",
                  "Resource": "*",
                },
              ],
              "Version": "2012-10-17",
            },
            "PolicyName": "ECRLogin",
          },
        ],
      },
      "Type": "AWS::IAM::Role",
    },
    "RunnerManagerRoleDefaultPolicy52D12843": Object {
      "Properties": Object {
        "PolicyDocument": Object {
          "Statement": Array [
            Object {
              "Action": Array [
                "cloudformation:DescribeStackResource",
                "cloudformation:SignalResource",
              ],
              "Effect": "Allow",
              "Resource": Object {
                "Ref": "AWS::StackId",
              },
            },
          ],
          "Version": "2012-10-17",
        },
        "PolicyName": "RunnerManagerRoleDefaultPolicy52D12843",
        "Roles": Array [
          Object {
            "Ref": "RunnerManagerRole529C6D4B",
          },
        ],
      },
      "Type": "AWS::IAM::Policy",
    },
    "RunnerManagerSecurityGroup5680231E": Object {
      "Properties": Object {
        "GroupDescription": "Security group for GitLab Runners Manager.",
        "SecurityGroupEgress": Array [
          Object {
            "CidrIp": "0.0.0.0/0",
            "Description": "Allow all outbound traffic by default",
            "IpProtocol": "-1",
          },
        ],
        "VpcId": Object {
          "Ref": "RunnerVpcCAA2D684",
        },
      },
      "Type": "AWS::EC2::SecurityGroup",
    },
    "RunnerManagerSecurityGroupDescribeSGCustomResource1E6B5B73": Object {
      "DeletionPolicy": "Delete",
      "DependsOn": Array [
        "RunnerManagerSecurityGroupDescribeSGCustomResourceCustomResourcePolicy5AC6C3F0",
      ],
      "Properties": Object {
        "Create": Object {
          "Fn::Join": Array [
            "",
            Array [
              "{\\"service\\":\\"EC2\\",\\"action\\":\\"describeSecurityGroups\\",\\"parameters\\":{\\"GroupIds\\":[\\"",
              Object {
                "Fn::GetAtt": Array [
                  "RunnerManagerSecurityGroup5680231E",
                  "GroupId",
                ],
              },
              "\\"]},\\"physicalResourceId\\":{\\"id\\":\\"",
              Object {
                "Fn::GetAtt": Array [
                  "RunnerManagerSecurityGroup5680231E",
                  "GroupId",
                ],
              },
              "\\"}}",
            ],
          ],
        },
        "InstallLatestAwsSdk": true,
        "ServiceToken": Object {
          "Fn::GetAtt": Array [
            "AWS679f53fac002430cb0da5b7982bd22872D164C4C",
            "Arn",
          ],
        },
      },
      "Type": "Custom::AWS",
      "UpdateReplacePolicy": "Delete",
    },
    "RunnerManagerSecurityGroupDescribeSGCustomResourceCustomResourcePolicy5AC6C3F0": Object {
      "Properties": Object {
        "PolicyDocument": Object {
          "Statement": Array [
            Object {
              "Action": "ec2:DescribeSecurityGroups",
              "Effect": "Allow",
              "Resource": "*",
            },
          ],
          "Version": "2012-10-17",
        },
        "PolicyName": "RunnerManagerSecurityGroupDescribeSGCustomResourceCustomResourcePolicy5AC6C3F0",
        "Roles": Array [
          Object {
            "Ref": "AWS679f53fac002430cb0da5b7982bd2287ServiceRoleC1EA0FF2",
          },
        ],
      },
      "Type": "AWS::IAM::Policy",
    },
    "RunnerRunnersInstanceProfileForGitlabRunnerWithCustomDockerConfig731018E8": Object {
      "Properties": Object {
        "Roles": Array [
          Object {
            "Ref": "RunnerRunnersRoleForGitlabRunnerWithCustomDockerConfigEB2BC21A",
          },
        ],
      },
      "Type": "AWS::IAM::InstanceProfile",
    },
    "RunnerRunnersRoleForGitlabRunnerWithCustomDockerConfigEB2BC21A": Object {
      "Properties": Object {
        "AssumeRolePolicyDocument": Object {
          "Statement": Array [
            Object {
              "Action": "sts:AssumeRole",
              "Effect": "Allow",
              "Principal": Object {
                "Service": "ec2.amazonaws.com",
              },
            },
          ],
          "Version": "2012-10-17",
        },
        "ManagedPolicyArns": Array [
          Object {
            "Fn::Join": Array [
              "",
              Array [
                "arn:",
                Object {
                  "Ref": "AWS::Partition",
                },
                ":iam::aws:policy/AmazonSSMManagedInstanceCore",
              ],
            ],
          },
        ],
        "Tags": Array [
          Object {
            "Key": "RunnersRole",
            "Value": "RunnersRole",
          },
        ],
      },
      "Type": "AWS::IAM::Role",
    },
    "RunnerRunnersSecurityGroupB2AFE08F": Object {
      "Properties": Object {
        "GroupDescription": "Security group for GitLab Runners.",
        "SecurityGroupEgress": Array [
          Object {
            "CidrIp": "0.0.0.0/0",
            "Description": "Allow all outbound traffic by default",
            "IpProtocol": "-1",
          },
        ],
        "VpcId": Object {
          "Ref": "RunnerVpcCAA2D684",
        },
      },
      "Type": "AWS::EC2::SecurityGroup",
    },
    "RunnerRunnersSecurityGroupDescribeSGCustomResource6FABE32F": Object {
      "DeletionPolicy": "Delete",
      "DependsOn": Array [
        "RunnerRunnersSecurityGroupDescribeSGCustomResourceCustomResourcePolicyAFDB1567",
      ],
      "Properties": Object {
        "Create": Object {
          "Fn::Join": Array [
            "",
            Array [
              "{\\"service\\":\\"EC2\\",\\"action\\":\\"describeSecurityGroups\\",\\"parameters\\":{\\"GroupIds\\":[\\"",
              Object {
                "Fn::GetAtt": Array [
                  "RunnerRunnersSecurityGroupB2AFE08F",
                  "GroupId",
                ],
              },
              "\\"]},\\"physicalResourceId\\":{\\"id\\":\\"",
              Object {
                "Fn::GetAtt": Array [
                  "RunnerRunnersSecurityGroupB2AFE08F",
                  "GroupId",
                ],
              },
              "\\"}}",
            ],
          ],
        },
        "InstallLatestAwsSdk": true,
        "ServiceToken": Object {
          "Fn::GetAtt": Array [
            "AWS679f53fac002430cb0da5b7982bd22872D164C4C",
            "Arn",
          ],
        },
      },
      "Type": "Custom::AWS",
      "UpdateReplacePolicy": "Delete",
    },
    "RunnerRunnersSecurityGroupDescribeSGCustomResourceCustomResourcePolicyAFDB1567": Object {
      "Properties": Object {
        "PolicyDocument": Object {
          "Statement": Array [
            Object {
              "Action": "ec2:DescribeSecurityGroups",
              "Effect": "Allow",
              "Resource": "*",
            },
          ],
          "Version": "2012-10-17",
        },
        "PolicyName": "RunnerRunnersSecurityGroupDescribeSGCustomResourceCustomResourcePolicyAFDB1567",
        "Roles": Array [
          Object {
            "Ref": "AWS679f53fac002430cb0da5b7982bd2287ServiceRoleC1EA0FF2",
          },
        ],
      },
      "Type": "AWS::IAM::Policy",
    },
    "RunnerRunnersSecurityGroupfromDockerMachineConfigurationStackRunnerManagerSecurityGroupABA43647223D297496": Object {
      "Properties": Object {
        "Description": "SSH traffic from Manager",
        "FromPort": 22,
        "GroupId": Object {
          "Fn::GetAtt": Array [
            "RunnerRunnersSecurityGroupB2AFE08F",
            "GroupId",
          ],
        },
        "IpProtocol": "tcp",
        "SourceSecurityGroupId": Object {
          "Fn::GetAtt": Array [
            "RunnerManagerSecurityGroup5680231E",
            "GroupId",
          ],
        },
        "ToPort": 22,
      },
      "Type": "AWS::EC2::SecurityGroupIngress",
    },
    "RunnerRunnersSecurityGroupfromDockerMachineConfigurationStackRunnerManagerSecurityGroupABA43647237677AF320F": Object {
      "Properties": Object {
        "Description": "SSH traffic from Docker",
        "FromPort": 2376,
        "GroupId": Object {
          "Fn::GetAtt": Array [
            "RunnerRunnersSecurityGroupB2AFE08F",
            "GroupId",
          ],
        },
        "IpProtocol": "tcp",
        "SourceSecurityGroupId": Object {
          "Fn::GetAtt": Array [
            "RunnerManagerSecurityGroup5680231E",
            "GroupId",
          ],
        },
        "ToPort": 2376,
      },
      "Type": "AWS::EC2::SecurityGroupIngress",
    },
    "RunnerVpcCAA2D684": Object {
      "Properties": Object {
        "CidrBlock": "10.0.0.0/16",
        "EnableDnsHostnames": true,
        "EnableDnsSupport": true,
        "InstanceTenancy": "default",
        "Tags": Array [
          Object {
            "Key": "Name",
            "Value": "DockerMachineConfigurationStack/Runner/Vpc",
          },
        ],
      },
      "Type": "AWS::EC2::VPC",
    },
    "RunnerVpcIGW65822A5B": Object {
      "Properties": Object {
        "Tags": Array [
          Object {
            "Key": "Name",
            "Value": "DockerMachineConfigurationStack/Runner/Vpc",
          },
        ],
      },
      "Type": "AWS::EC2::InternetGateway",
    },
    "RunnerVpcNatRole955A3A9F": Object {
      "Properties": Object {
        "AssumeRolePolicyDocument": Object {
          "Statement": Array [
            Object {
              "Action": "sts:AssumeRole",
              "Effect": "Allow",
              "Principal": Object {
                "Service": "ec2.amazonaws.com",
              },
            },
          ],
          "Version": "2012-10-17",
        },
        "Tags": Array [
          Object {
            "Key": "Name",
            "Value": "DockerMachineConfigurationStack/Runner/Vpc",
          },
        ],
      },
      "Type": "AWS::IAM::Role",
    },
    "RunnerVpcNatSecurityGroupDD667F4C": Object {
      "Properties": Object {
        "GroupDescription": "Security Group for NAT instances",
        "SecurityGroupEgress": Array [
          Object {
            "CidrIp": "0.0.0.0/0",
            "Description": "Allow all outbound traffic by default",
            "IpProtocol": "-1",
          },
        ],
        "SecurityGroupIngress": Array [
          Object {
            "CidrIp": "0.0.0.0/0",
            "Description": "from 0.0.0.0/0:ALL TRAFFIC",
            "IpProtocol": "-1",
          },
        ],
        "Tags": Array [
          Object {
            "Key": "Name",
            "Value": "DockerMachineConfigurationStack/Runner/Vpc",
          },
        ],
        "VpcId": Object {
          "Ref": "RunnerVpcCAA2D684",
        },
      },
      "Type": "AWS::EC2::SecurityGroup",
    },
    "RunnerVpcPrivateSubnet1DefaultRoute2B51B745": Object {
      "Properties": Object {
        "DestinationCidrBlock": "0.0.0.0/0",
        "InstanceId": Object {
          "Ref": "RunnerVpcPublicSubnet1NatInstance4A17E94C",
        },
        "RouteTableId": Object {
          "Ref": "RunnerVpcPrivateSubnet1RouteTableD555A93C",
        },
      },
      "Type": "AWS::EC2::Route",
    },
    "RunnerVpcPrivateSubnet1RouteTableAssociation5CB655F9": Object {
      "Properties": Object {
        "RouteTableId": Object {
          "Ref": "RunnerVpcPrivateSubnet1RouteTableD555A93C",
        },
        "SubnetId": Object {
          "Ref": "RunnerVpcPrivateSubnet1Subnet4721DE70",
        },
      },
      "Type": "AWS::EC2::SubnetRouteTableAssociation",
    },
    "RunnerVpcPrivateSubnet1RouteTableD555A93C": Object {
      "Properties": Object {
        "Tags": Array [
          Object {
            "Key": "Name",
            "Value": "DockerMachineConfigurationStack/Runner/Vpc/PrivateSubnet1",
          },
        ],
        "VpcId": Object {
          "Ref": "RunnerVpcCAA2D684",
        },
      },
      "Type": "AWS::EC2::RouteTable",
    },
    "RunnerVpcPrivateSubnet1Subnet4721DE70": Object {
      "Properties": Object {
        "AvailabilityZone": "dummy1a",
        "CidrBlock": "10.0.128.0/17",
        "MapPublicIpOnLaunch": false,
        "Tags": Array [
          Object {
            "Key": "aws-cdk:subnet-name",
            "Value": "Private",
          },
          Object {
            "Key": "aws-cdk:subnet-type",
            "Value": "Private",
          },
          Object {
            "Key": "Name",
            "Value": "DockerMachineConfigurationStack/Runner/Vpc/PrivateSubnet1",
          },
        ],
        "VpcId": Object {
          "Ref": "RunnerVpcCAA2D684",
        },
      },
      "Type": "AWS::EC2::Subnet",
    },
    "RunnerVpcPublicSubnet1DefaultRoute89B813C9": Object {
      "DependsOn": Array [
        "RunnerVpcVPCGW1446E48D",
      ],
      "Properties": Object {
        "DestinationCidrBlock": "0.0.0.0/0",
        "GatewayId": Object {
          "Ref": "RunnerVpcIGW65822A5B",
        },
        "RouteTableId": Object {
          "Ref": "RunnerVpcPublicSubnet1RouteTable7320376C",
        },
      },
      "Type": "AWS::EC2::Route",
    },
    "RunnerVpcPublicSubnet1NatInstance4A17E94C": Object {
      "DependsOn": Array [
        "RunnerVpcNatRole955A3A9F",
      ],
      "Properties": Object {
        "AvailabilityZone": "dummy1a",
        "IamInstanceProfile": Object {
          "Ref": "RunnerVpcPublicSubnet1NatInstanceInstanceProfile4572A500",
        },
        "ImageId": "ami-1234",
        "InstanceType": "t3.nano",
        "SecurityGroupIds": Array [
          Object {
            "Fn::GetAtt": Array [
              "RunnerVpcNatSecurityGroupDD667F4C",
              "GroupId",
            ],
          },
        ],
        "SourceDestCheck": false,
        "SubnetId": Object {
          "Ref": "RunnerVpcPublicSubnet1Subnet1B11364C",
        },
        "Tags": Array [
          Object {
            "Key": "Name",
            "Value": "DockerMachineConfigurationStack/Runner/Vpc/PublicSubnet1/NatInstance",
          },
        ],
        "UserData": Object {
          "Fn::Base64": "#!/bin/bash",
        },
      },
      "Type": "AWS::EC2::Instance",
    },
    "RunnerVpcPublicSubnet1NatInstanceInstanceProfile4572A500": Object {
      "Properties": Object {
        "Roles": Array [
          Object {
            "Ref": "RunnerVpcNatRole955A3A9F",
          },
        ],
      },
      "Type": "AWS::IAM::InstanceProfile",
    },
    "RunnerVpcPublicSubnet1RouteTable7320376C": Object {
      "Properties": Object {
        "Tags": Array [
          Object {
            "Key": "Name",
            "Value": "DockerMachineConfigurationStack/Runner/Vpc/PublicSubnet1",
          },
        ],
        "VpcId": Object {
          "Ref": "RunnerVpcCAA2D684",
        },
      },
      "Type": "AWS::EC2::RouteTable",
    },
    "RunnerVpcPublicSubnet1RouteTableAssociationBE240830": Object {
      "Properties": Object {
        "RouteTableId": Object {
          "Ref": "RunnerVpcPublicSubnet1RouteTable7320376C",
        },
        "SubnetId": Object {
          "Ref": "RunnerVpcPublicSubnet1Subnet1B11364C",
        },
      },
      "Type": "AWS::EC2::SubnetRouteTableAssociation",
    },
    "RunnerVpcPublicSubnet1Subnet1B11364C": Object {
      "Properties": Object {
        "AvailabilityZone": "dummy1a",
        "CidrBlock": "10.0.0.0/17",
        "MapPublicIpOnLaunch": true,
        "Tags": Array [
          Object {
            "Key": "aws-cdk:subnet-name",
            "Value": "Public",
          },
          Object {
            "Key": "aws-cdk:subnet-type",
            "Value": "Public",
          },
          Object {
            "Key": "Name",
            "Value": "DockerMachineConfigurationStack/Runner/Vpc/PublicSubnet1",
          },
        ],
        "VpcId": Object {
          "Ref": "RunnerVpcCAA2D684",
        },
      },
      "Type": "AWS::EC2::Subnet",
    },
    "RunnerVpcVPCGW1446E48D": Object {
      "Properties": Object {
        "InternetGatewayId": Object {
          "Ref": "RunnerVpcIGW65822A5B",
        },
        "VpcId": Object {
          "Ref": "RunnerVpcCAA2D684",
        },
      },
      "Type": "AWS::EC2::VPCGatewayAttachment",
    },
    "TokenCB33349F": Object {
      "Properties": Object {
        "Name": "/gitlab-runner/token",
        "Tier": "Standard",
        "Type": "SecureString",
        "Value": "token",
      },
      "Type": "AWS::SSM::Parameter",
    },
  },
  "Rules": Object {
    "CheckBootstrapVersion": Object {
      "Assertions": Array [
        Object {
          "Assert": Object {
            "Fn::Not": Array [
              Object {
                "Fn::Contains": Array [
                  Array [
                    "1",
                    "2",
                    "3",
                    "4",
                    "5",
                  ],
                  Object {
                    "Ref": "BootstrapVersion",
                  },
                ],
              },
            ],
          },
          "AssertDescription": "CDK bootstrap stack version 6 required. Please run 'cdk bootstrap' with a recent version of the CDK CLI.",
        },
      ],
    },
  },
}
`;
